// Jest Snapshot v1, https://goo.gl/fbAQLP

exports[`ListItem Should match snapshot 1`] = `
<div
  className="list-item"
>
  <span
    className="item-title"
  >
    Name
  </span>
  <span
    className="item-content"
  >
    Value
  </span>
</div>
`;

exports[`Testt ListItem Should match snapshot 1`] = `
<div
  className="list-item"
>
  <span
    className="item-title"
  >
    Name
  </span>
  <span
    className="item-content"
  >
    Value
  </span>
</div>
`;
